../Core/Src/main.c:85:5:main	8	static
../Core/Src/main.c:152:6:SystemClock_Config	88	static
../Core/Src/main.c:199:13:MX_TIM1_Init	96	static
../Core/Src/main.c:274:13:MX_TIM2_Init	56	static
../Core/Src/main.c:323:13:MX_TIM3_Init	32	static
../Core/Src/main.c:368:13:MX_USART2_UART_Init	8	static
../Core/Src/main.c:401:13:MX_GPIO_Init	48	static
../Core/Src/main.c:430:6:setMotor	16	static
../Core/Src/main.c:442:6:HAL_TIM_PeriodElapsedCallback	32	static
../Core/Src/main.c:470:6:Error_Handler	4	static,ignoring_inline_asm
